// Jest Snapshot v1, https://goo.gl/fbAQLP

exports[`Application: LabelingTool component should render correct layout 1`] = `
<Fragment>
  <Memo(l) />
  <Provider>
    <Connect(ConfigLoader)
      config={
        Config {
          "api": Object {
            "close": [MockFunction],
            "ocrTable": [MockFunction],
            "ocrText": [MockFunction],
            "save": [MockFunction],
            "saveMarkup": [MockFunction],
          },
          "document": Document {
            "engine": "testEngine",
            "extraName": "extraName",
            "language": "eng",
            "name": "testName",
            "pages": Array [
              "MOCK_PAGE_URL",
            ],
          },
          "events": Object {
            "onClose": [MockFunction],
          },
          "fields": Array [
            Field {
              "code": "MOCK_CODE1",
              "fieldType": "string",
              "name": "MOCK_NAME1",
              "required": false,
            },
            Field {
              "code": "MOCK_CODE2",
              "fieldType": "string",
              "name": "MOCK_NAME2",
              "required": false,
            },
          ],
          "markup": Markup {
            "1": PageMarkup {
              "labels": Array [
                Label {
                  "confidence": 0.5,
                  "content": "Pam",
                  "fieldCode": "firstName",
                  "h": 29,
                  "index": undefined,
                  "meta": Object {},
                  "type": "value",
                  "typeName": "label",
                  "uid": "1",
                  "w": 50,
                  "x": 152.3,
                  "y": 527,
                },
              ],
              "tables": Array [
                Table {
                  "fieldCode": "",
                  "index": undefined,
                  "merges": Array [],
                  "meta": Object {
                    "meta": "some meta",
                  },
                  "typeName": "table",
                  "uid": "2",
                  "values": Array [
                    CellValue {
                      "column": 0,
                      "confidence": 0.1,
                      "row": 0,
                      "value": "Test content",
                    },
                  ],
                  "xGuidelines": Array [
                    790,
                    1190,
                  ],
                  "yGuidelines": Array [
                    550,
                    580,
                  ],
                },
              ],
            },
          },
          "ocr": Object {
            "engines": Array [
              OcrEngine {
                "code": "ocrCode",
                "name": "ocr Name",
              },
            ],
            "languages": Array [
              OcrLanguage {
                "code": "eng",
                "name": "English",
              },
            ],
          },
          "settings": Settings {
            "features": Array [
              SubSettings {
                "code": "autoSave",
                "data": Object {
                  "interval": 180000,
                },
              },
              "export",
              "import",
              SubSettings {
                "code": "paging",
                "data": Object {
                  "initialPage": 1,
                },
              },
              "language",
              "rotation",
              SubSettings {
                "code": "specialSymbols",
                "data": Array [
                  "&",
                  "$",
                  "£",
                  "¥",
                  "©",
                  "®",
                  "¢",
                  "%",
                  "*",
                  "@",
                  "µ",
                  "±",
                  "´",
                  "²",
                  "~",
                  "½",
                  "«",
                  "»",
                  "°",
                  "–",
                  "—",
                  "“",
                  "”",
                ],
              },
              "manageFields",
              "multiAssignLabels",
              "multiAssignTables",
            ],
            "mode": "default",
            "panels": Array [
              "TOOLBAR",
              "MARKUP_SIDEBAR",
              "LEFT_SIDEBAR",
            ],
            "tools": Array [
              "detectTables",
              "label",
              "table",
              "merge",
              "split",
              "pointer",
              "grabbing",
            ],
          },
        }
      }
    >
      <Connect(SizeMe(Component)) />
    </Connect(ConfigLoader)>
  </Provider>
</Fragment>
`;
