// Jest Snapshot v1, https://goo.gl/fbAQLP

exports[`Container: ApplicationToolbar ConnectedComponent should render correct layout based on the props 1`] = `
<ApplicationToolbarstyles__Wrapper>
  <ApplicationToolbarstyles__Block>
    <ApplicationToolbarstyles__RightSeparator>
      <MainMenu
        toggleHotKeysInfo={[Function]}
      />
    </ApplicationToolbarstyles__RightSeparator>
    <ApplicationToolbarstyles__RightSeparator>
      <QuickAccessActions />
    </ApplicationToolbarstyles__RightSeparator>
    <ApplicationToolbarstyles__RightSeparator>
      <ApplicationToolbarstyles__Row>
        <ToolsPicker />
      </ApplicationToolbarstyles__Row>
    </ApplicationToolbarstyles__RightSeparator>
    <ApplicationToolbarstyles__RightSeparator>
      <DeleteButton />
    </ApplicationToolbarstyles__RightSeparator>
    <ApplicationToolbarstyles__RightSeparator>
      <ObjectActions />
    </ApplicationToolbarstyles__RightSeparator>
  </ApplicationToolbarstyles__Block>
  <ApplicationToolbarstyles__Block>
    <ImageActions />
  </ApplicationToolbarstyles__Block>
  <ApplicationToolbarstyles__RightBlock>
    <ApplicationToolbarstyles__LeftSeparator>
      <DocumentPageSwitcher />
    </ApplicationToolbarstyles__LeftSeparator>
    <ApplicationToolbarstyles__LeftSeparator>
      <DocumentProperties />
    </ApplicationToolbarstyles__LeftSeparator>
    <CompilationFeatureControl
      featureName="SHOW_NOT_IMPLEMENTED"
    >
      <ApplicationToolbarstyles__LeftSeparator>
        <CommentsButton />
      </ApplicationToolbarstyles__LeftSeparator>
    </CompilationFeatureControl>
    <ApplicationToolbarstyles__LeftSeparator>
      <CloseButton />
    </ApplicationToolbarstyles__LeftSeparator>
  </ApplicationToolbarstyles__RightBlock>
  <HotKeysDrawer
    toggleHotKeysInfo={[Function]}
    visible={false}
  />
</ApplicationToolbarstyles__Wrapper>
`;

exports[`Container: ApplicationToolbar mapStateToProps should pass correct props to the wrapped component 1`] = `
Object {
  "selectedTool": "label",
  "settings": Settings {
    "features": Array [
      SubSettings {
        "code": "autoSave",
        "data": Object {
          "interval": 180000,
        },
      },
      "export",
      "import",
      SubSettings {
        "code": "paging",
        "data": Object {
          "initialPage": 1,
        },
      },
      "language",
      "rotation",
      SubSettings {
        "code": "specialSymbols",
        "data": Array [
          "&",
          "$",
          "£",
          "¥",
          "©",
          "®",
          "¢",
          "%",
          "*",
          "@",
          "µ",
          "±",
          "´",
          "²",
          "~",
          "½",
          "«",
          "»",
          "°",
          "–",
          "—",
          "“",
          "”",
        ],
      },
      "manageFields",
      "multiAssignLabels",
      "multiAssignTables",
    ],
    "mode": "default",
    "panels": Array [
      "TOOLBAR",
      "MARKUP_SIDEBAR",
      "LEFT_SIDEBAR",
    ],
    "tools": Array [
      "detectTables",
      "label",
      "table",
      "merge",
      "split",
      "pointer",
      "grabbing",
    ],
  },
}
`;
