// Jest Snapshot v1, https://goo.gl/fbAQLP

exports[`HOC: debounce should renders correctly 1`] = `
<MockComponent
  onChange={[Function]}
  testProps={1}
  value="test"
/>
`;
