// Jest Snapshot v1, https://goo.gl/fbAQLP

exports[`Component: TableDataSidebar should render correct layout 1`] = `
<TableDataSidebarstyles__TabsStyled
  defaultActiveKey="Table Data"
>
  <TabPane
    key="Table Data"
    tab="Table Data"
  >
    <TableData />
  </TabPane>
</TableDataSidebarstyles__TabsStyled>
`;
