// Jest Snapshot v1, https://goo.gl/fbAQLP

exports[`Component: ObjectTitle should render correct layout 1`] = `
<ObjectTitlestyles__Wrapper>
  Coordinates
</ObjectTitlestyles__Wrapper>
`;
