// Jest Snapshot v1, https://goo.gl/fbAQLP

exports[`Component: UnassignedMarkupObject component should render correct layout 1`] = `
<MarkupObjectHeader
  key="6"
  name="label 1"
  onHeaderClick={[Function]}
  page="1"
  unassigned={true}
/>
`;
