// Jest Snapshot v1, https://goo.gl/fbAQLP

exports[`Component: Drawer should render correct layout 1`] = `
<DrawerWrapper
  getContainer={false}
>
  <div>
    children
  </div>
</DrawerWrapper>
`;
