// Jest Snapshot v1, https://goo.gl/fbAQLP

exports[`Container: CommentButton should render correct layout 1`] = `
<Tooltip
  title="Comments"
>
  <IconButton
    icon={<CommentIcon />}
  />
</Tooltip>
`;
