// Jest Snapshot v1, https://goo.gl/fbAQLP

exports[`Components: SearchInput should render Input with correct props 1`] = `
<SearchInputstyles__StyledInput
  onChange={[MockFunction]}
  placeholder="Search"
  suffix={<SearchInputstyles__StyledSearchIcon />}
  value="search"
/>
`;
