// Jest Snapshot v1, https://goo.gl/fbAQLP

exports[`Component: CanvasMouseSelection should render correct layout 1`] = `
<CanvasMouse
  canvas={
    MockCanvas {
      "add": [MockFunction],
      "backgroundColor": "#ffffff",
      "backgroundImage": Object {},
      "discardActiveObject": [MockFunction],
      "findTarget": [MockFunction],
      "fire": [MockFunction],
      "fxRemove": [MockFunction],
      "getActiveObject": [MockFunction],
      "getActiveObjects": [MockFunction],
      "getCenter": [MockFunction],
      "getHeight": [MockFunction],
      "getObjects": [MockFunction],
      "getPointer": [MockFunction],
      "getWidth": [MockFunction],
      "getZoom": [MockFunction],
      "height": 768,
      "listeners": Object {},
      "off": [MockFunction],
      "on": [MockFunction],
      "ref": undefined,
      "remove": [MockFunction],
      "renderAll": [MockFunction],
      "requestRenderAll": [MockFunction],
      "selection": true,
      "selectionBorderColor": "rgba(255, 255, 255, 0.3)",
      "selectionColor": "rgba(133, 165, 255, 0.2)",
      "sendToBack": [MockFunction],
      "setActiveObject": [MockFunction],
      "setBackgroundColor": [MockFunction],
      "setBackgroundImage": [MockFunction],
      "setCursor": [MockFunction],
      "setHeight": [MockFunction],
      "setViewportTransform": [MockFunction],
      "setWidth": [MockFunction],
      "setZoom": [MockFunction],
      "viewportTransform": Array [
        0,
        0,
        0,
        0,
        0,
        0,
      ],
      "width": 1366,
      "zoom": 1,
      "zoomToPoint": [MockFunction],
    }
  }
  onMouseDown={[Function]}
  onMouseMove={[Function]}
  onMouseUp={[Function]}
/>
`;
